ForgeDesktop nested Pixman ready; WAYLAND_DISPLAY=forge-wayland-0
ForgeDesktop shell started pid=204
ForgeDesktop command Window("activate", "w0000000000000004")
ForgeDesktop command Window("activate", "w0000000000000005")
ForgeDesktop shell started pid=331
ForgeDesktop command Window("activate", "w0000000000000004")
ForgeDesktop command Window("activate", "w0000000000000005")
ForgeDesktop command Launcher(true, 1)
ForgeDesktop launcher-submit-us=18870
ForgeDesktop launcher-compositor-submit-us=37285
ForgeDesktop command Window("maximize", "w0000000000000004")
ForgeDesktop command Launcher(false, 2)
ForgeDesktop command Launcher(true, 3)
ForgeDesktop launcher-submit-us=13426
ForgeDesktop launcher-compositor-submit-us=27946
ForgeDesktop command Window("fullscreen", "w0000000000000004")
ForgeDesktop command Launcher(false, 4)
ForgeDesktop command Launcher(true, 5)
ForgeDesktop command Window("normal", "w0000000000000004")
ForgeDesktop command Launcher(false, 6)
ForgeDesktop command Launcher(true, 7)
ForgeDesktop launcher-submit-us=14358
ForgeDesktop launcher-compositor-submit-us=33298
ForgeDesktop command Window("left", "w0000000000000004")
ForgeDesktop command Launcher(false, 8)
ForgeDesktop command Launcher(true, 9)
ForgeDesktop launcher-submit-us=13949
ForgeDesktop launcher-compositor-submit-us=32406
ForgeDesktop command Window("right", "w0000000000000004")
ForgeDesktop command Launcher(false, 10)
ForgeDesktop command Launcher(true, 11)
ForgeDesktop launcher-submit-us=13874
ForgeDesktop launcher-compositor-submit-us=32425
ForgeDesktop command Window("minimize", "w0000000000000004")
ForgeDesktop command Launcher(false, 12)
ForgeDesktop command Window("activate", "w0000000000000004")
ForgeDesktop command Launcher(true, 13)
ForgeDesktop launcher-submit-us=13879
ForgeDesktop launcher-compositor-submit-us=36534
ForgeDesktop command Move("w0000000000000004", 1)
ForgeDesktop command Launcher(false, 14)
ForgeDesktop command Workspace(1)
ForgeDesktop command Workspace(0)
ForgeDesktop command Launcher(true, 15)
ForgeDesktop launcher-submit-us=13780
ForgeDesktop launcher-compositor-submit-us=40883
ForgeDesktop command Launcher(false, 16)
ForgeDesktop shell started pid=618
ForgeDesktop command Launcher(true, 1)
ForgeDesktop launcher-submit-us=17246
ForgeDesktop launcher-compositor-submit-us=31933
ForgeDesktop command Window("close", "w0000000000000004")
ForgeDesktop command Launcher(false, 2)
